N: android=http://schemas.android.com/apk/res/android (line=2)
  E: manifest (line=2)
    A: http://schemas.android.com/apk/res/android:versionCode(0x0101021b)=1
    A: http://schemas.android.com/apk/res/android:versionName(0x0101021c)="0.1.0" (Raw: "0.1.0")
    A: http://schemas.android.com/apk/res/android:compileSdkVersion(0x01010572)=36
    A: http://schemas.android.com/apk/res/android:compileSdkVersionCodename(0x01010573)="16" (Raw: "16")
    A: package="com.personalstaffer.personal_staffer" (Raw: "com.personalstaffer.personal_staffer")
    A: platformBuildVersionCode=36
    A: platformBuildVersionName=16
      E: uses-sdk (line=7)
        A: http://schemas.android.com/apk/res/android:minSdkVersion(0x0101020c)=24
        A: http://schemas.android.com/apk/res/android:targetSdkVersion(0x01010270)=36
      E: uses-permission (line=11)
        A: http://schemas.android.com/apk/res/android:name(0x01010003)="android.permission.INTERNET" (Raw: "android.permission.INTERNET")
      E: uses-permission (line=12)
        A: http://schemas.android.com/apk/res/android:name(0x01010003)="android.permission.POST_NOTIFICATIONS" (Raw: "android.permission.POST_NOTIFICATIONS")
      E: queries (line=20)
          E: intent (line=21)
              E: action (line=22)
                A: http://schemas.android.com/apk/res/android:name(0x01010003)="android.intent.action.VIEW" (Raw: "android.intent.action.VIEW")
              E: data (line=24)
                A: http://schemas.android.com/apk/res/android:scheme(0x01010027)="https" (Raw: "https")
          E: intent (line=26)
              E: action (line=27)
                A: http://schemas.android.com/apk/res/android:name(0x01010003)="android.intent.action.VIEW" (Raw: "android.intent.action.VIEW")
              E: data (line=29)
                A: http://schemas.android.com/apk/res/android:scheme(0x01010027)="http" (Raw: "http")
          E: intent (line=31)
              E: action (line=32)
                A: http://schemas.android.com/apk/res/android:name(0x01010003)="android.intent.action.PROCESS_TEXT" (Raw: "android.intent.action.PROCESS_TEXT")
              E: data (line=34)
                A: http://schemas.android.com/apk/res/android:mimeType(0x01010026)="text/plain" (Raw: "text/plain")
      E: uses-permission (line=38)
        A: http://schemas.android.com/apk/res/android:name(0x01010003)="android.permission.WAKE_LOCK" (Raw: "android.permission.WAKE_LOCK")
      E: uses-permission (line=39)
        A: http://schemas.android.com/apk/res/android:name(0x01010003)="android.permission.ACCESS_NETWORK_STATE" (Raw: "android.permission.ACCESS_NETWORK_STATE")
      E: uses-permission (line=40)
        A: http://schemas.android.com/apk/res/android:name(0x01010003)="android.permission.VIBRATE" (Raw: "android.permission.VIBRATE")
      E: uses-permission (line=41)
        A: http://schemas.android.com/apk/res/android:name(0x01010003)="com.google.android.c2dm.permission.RECEIVE" (Raw: "com.google.android.c2dm.permission.RECEIVE")
      E: permission (line=43)
        A: http://schemas.android.com/apk/res/android:name(0x01010003)="com.personalstaffer.personal_staffer.DYNAMIC_RECEIVER_NOT_EXPORTED_PERMISSION" (Raw: "com.personalstaffer.personal_staffer.DYNAMIC_RECEIVER_NOT_EXPORTED_PERMISSION")
        A: http://schemas.android.com/apk/res/android:protectionLevel(0x01010009)=0x00000002
      E: uses-permission (line=47)
        A: http://schemas.android.com/apk/res/android:name(0x01010003)="com.personalstaffer.personal_staffer.DYNAMIC_RECEIVER_NOT_EXPORTED_PERMISSION" (Raw: "com.personalstaffer.personal_staffer.DYNAMIC_RECEIVER_NOT_EXPORTED_PERMISSION")
      E: application (line=49)
        A: http://schemas.android.com/apk/res/android:label(0x01010001)="Personal Staffer" (Raw: "Personal Staffer")
        A: http://schemas.android.com/apk/res/android:icon(0x01010002)=@0x7f0a0000
        A: http://schemas.android.com/apk/res/android:name(0x01010003)="android.app.Application" (Raw: "android.app.Application")
        A: http://schemas.android.com/apk/res/android:allowBackup(0x01010280)=false
        A: http://schemas.android.com/apk/res/android:extractNativeLibs(0x010104ea)=false
        A: http://schemas.android.com/apk/res/android:usesCleartextTraffic(0x010104ec)=false
        A: http://schemas.android.com/apk/res/android:appComponentFactory(0x0101057a)="androidx.core.app.CoreComponentFactory" (Raw: "androidx.core.app.CoreComponentFactory")
          E: activity (line=57)
            A: http://schemas.android.com/apk/res/android:theme(0x01010000)=@0x7f0d0000
            A: http://schemas.android.com/apk/res/android:name(0x01010003)="com.personalstaffer.personal_staffer.MainActivity" (Raw: "com.personalstaffer.personal_staffer.MainActivity")
            A: http://schemas.android.com/apk/res/android:exported(0x01010010)=true
            A: http://schemas.android.com/apk/res/android:taskAffinity(0x01010012)=""
            A: http://schemas.android.com/apk/res/android:launchMode(0x0101001d)=1
            A: http://schemas.android.com/apk/res/android:configChanges(0x0101001f)=0x40003fb4
            A: http://schemas.android.com/apk/res/android:windowSoftInputMode(0x0101022b)=0x00000010
            A: http://schemas.android.com/apk/res/android:hardwareAccelerated(0x010102d3)=true
              E: meta-data (line=73)
                A: http://schemas.android.com/apk/res/android:name(0x01010003)="io.flutter.embedding.android.NormalTheme" (Raw: "io.flutter.embedding.android.NormalTheme")
                A: http://schemas.android.com/apk/res/android:resource(0x01010025)=@0x7f0d0001
              E: meta-data (line=76)
                A: http://schemas.android.com/apk/res/android:name(0x01010003)="flutter_deeplinking_enabled" (Raw: "flutter_deeplinking_enabled")
                A: http://schemas.android.com/apk/res/android:value(0x01010024)=false
              E: intent-filter (line=80)
                  E: action (line=81)
                    A: http://schemas.android.com/apk/res/android:name(0x01010003)="android.intent.action.VIEW" (Raw: "android.intent.action.VIEW")
                  E: category (line=83)
                    A: http://schemas.android.com/apk/res/android:name(0x01010003)="android.intent.category.DEFAULT" (Raw: "android.intent.category.DEFAULT")
                  E: category (line=84)
                    A: http://schemas.android.com/apk/res/android:name(0x01010003)="android.intent.category.BROWSABLE" (Raw: "android.intent.category.BROWSABLE")
                  E: data (line=86)
                    A: http://schemas.android.com/apk/res/android:scheme(0x01010027)="personalstaffer" (Raw: "personalstaffer")
              E: intent-filter (line=88)
                  E: action (line=89)
                    A: http://schemas.android.com/apk/res/android:name(0x01010003)="android.intent.action.MAIN" (Raw: "android.intent.action.MAIN")
                  E: category (line=91)
                    A: http://schemas.android.com/apk/res/android:name(0x01010003)="android.intent.category.LAUNCHER" (Raw: "android.intent.category.LAUNCHER")
          E: meta-data (line=98)
            A: http://schemas.android.com/apk/res/android:name(0x01010003)="flutterEmbedding" (Raw: "flutterEmbedding")
            A: http://schemas.android.com/apk/res/android:value(0x01010024)=2
          E: service (line=102)
            A: http://schemas.android.com/apk/res/android:name(0x01010003)="io.flutter.plugins.firebase.messaging.FlutterFirebaseMessagingBackgroundService" (Raw: "io.flutter.plugins.firebase.messaging.FlutterFirebaseMessagingBackgroundService")
            A: http://schemas.android.com/apk/res/android:permission(0x01010006)="android.permission.BIND_JOB_SERVICE" (Raw: "android.permission.BIND_JOB_SERVICE")
            A: http://schemas.android.com/apk/res/android:exported(0x01010010)=false
          E: service (line=106)
            A: http://schemas.android.com/apk/res/android:name(0x01010003)="io.flutter.plugins.firebase.messaging.FlutterFirebaseMessagingService" (Raw: "io.flutter.plugins.firebase.messaging.FlutterFirebaseMessagingService")
            A: http://schemas.android.com/apk/res/android:exported(0x01010010)=false
              E: intent-filter (line=109)
                  E: action (line=110)
                    A: http://schemas.android.com/apk/res/android:name(0x01010003)="com.google.firebase.MESSAGING_EVENT" (Raw: "com.google.firebase.MESSAGING_EVENT")
          E: receiver (line=114)
            A: http://schemas.android.com/apk/res/android:name(0x01010003)="io.flutter.plugins.firebase.messaging.FlutterFirebaseMessagingReceiver" (Raw: "io.flutter.plugins.firebase.messaging.FlutterFirebaseMessagingReceiver")
            A: http://schemas.android.com/apk/res/android:permission(0x01010006)="com.google.android.c2dm.permission.SEND" (Raw: "com.google.android.c2dm.permission.SEND")
            A: http://schemas.android.com/apk/res/android:exported(0x01010010)=true
              E: intent-filter (line=118)
                  E: action (line=119)
                    A: http://schemas.android.com/apk/res/android:name(0x01010003)="com.google.android.c2dm.intent.RECEIVE" (Raw: "com.google.android.c2dm.intent.RECEIVE")
          E: service (line=123)
            A: http://schemas.android.com/apk/res/android:name(0x01010003)="com.google.firebase.components.ComponentDiscoveryService" (Raw: "com.google.firebase.components.ComponentDiscoveryService")
            A: http://schemas.android.com/apk/res/android:exported(0x01010010)=false
            A: http://schemas.android.com/apk/res/android:directBootAware(0x01010505)=true
              E: meta-data (line=127)
                A: http://schemas.android.com/apk/res/android:name(0x01010003)="com.google.firebase.components:io.flutter.plugins.firebase.messaging.FlutterFirebaseAppRegistrar" (Raw: "com.google.firebase.components:io.flutter.plugins.firebase.messaging.FlutterFirebaseAppRegistrar")
                A: http://schemas.android.com/apk/res/android:value(0x01010024)="com.google.firebase.components.ComponentRegistrar" (Raw: "com.google.firebase.components.ComponentRegistrar")
              E: meta-data (line=130)
                A: http://schemas.android.com/apk/res/android:name(0x01010003)="com.google.firebase.components:io.flutter.plugins.firebase.core.FlutterFirebaseCoreRegistrar" (Raw: "com.google.firebase.components:io.flutter.plugins.firebase.core.FlutterFirebaseCoreRegistrar")
                A: http://schemas.android.com/apk/res/android:value(0x01010024)="com.google.firebase.components.ComponentRegistrar" (Raw: "com.google.firebase.components.ComponentRegistrar")
              E: meta-data (line=133)
                A: http://schemas.android.com/apk/res/android:name(0x01010003)="com.google.firebase.components:com.google.firebase.messaging.FirebaseMessagingKtxRegistrar" (Raw: "com.google.firebase.components:com.google.firebase.messaging.FirebaseMessagingKtxRegistrar")
                A: http://schemas.android.com/apk/res/android:value(0x01010024)="com.google.firebase.components.ComponentRegistrar" (Raw: "com.google.firebase.components.ComponentRegistrar")
              E: meta-data (line=136)
                A: http://schemas.android.com/apk/res/android:name(0x01010003)="com.google.firebase.components:com.google.firebase.messaging.FirebaseMessagingRegistrar" (Raw: "com.google.firebase.components:com.google.firebase.messaging.FirebaseMessagingRegistrar")
                A: http://schemas.android.com/apk/res/android:value(0x01010024)="com.google.firebase.components.ComponentRegistrar" (Raw: "com.google.firebase.components.ComponentRegistrar")
              E: meta-data (line=139)
                A: http://schemas.android.com/apk/res/android:name(0x01010003)="com.google.firebase.components:com.google.firebase.installations.FirebaseInstallationsKtxRegistrar" (Raw: "com.google.firebase.components:com.google.firebase.installations.FirebaseInstallationsKtxRegistrar")
                A: http://schemas.android.com/apk/res/android:value(0x01010024)="com.google.firebase.components.ComponentRegistrar" (Raw: "com.google.firebase.components.ComponentRegistrar")
              E: meta-data (line=142)
                A: http://schemas.android.com/apk/res/android:name(0x01010003)="com.google.firebase.components:com.google.firebase.installations.FirebaseInstallationsRegistrar" (Raw: "com.google.firebase.components:com.google.firebase.installations.FirebaseInstallationsRegistrar")
                A: http://schemas.android.com/apk/res/android:value(0x01010024)="com.google.firebase.components.ComponentRegistrar" (Raw: "com.google.firebase.components.ComponentRegistrar")
              E: meta-data (line=145)
                A: http://schemas.android.com/apk/res/android:name(0x01010003)="com.google.firebase.components:com.google.firebase.FirebaseCommonKtxRegistrar" (Raw: "com.google.firebase.components:com.google.firebase.FirebaseCommonKtxRegistrar")
                A: http://schemas.android.com/apk/res/android:value(0x01010024)="com.google.firebase.components.ComponentRegistrar" (Raw: "com.google.firebase.components.ComponentRegistrar")
              E: meta-data (line=148)
                A: http://schemas.android.com/apk/res/android:name(0x01010003)="com.google.firebase.components:com.google.firebase.datatransport.TransportRegistrar" (Raw: "com.google.firebase.components:com.google.firebase.datatransport.TransportRegistrar")
                A: http://schemas.android.com/apk/res/android:value(0x01010024)="com.google.firebase.components.ComponentRegistrar" (Raw: "com.google.firebase.components.ComponentRegistrar")
          E: provider (line=153)
            A: http://schemas.android.com/apk/res/android:name(0x01010003)="io.flutter.plugins.firebase.messaging.FlutterFirebaseMessagingInitProvider" (Raw: "io.flutter.plugins.firebase.messaging.FlutterFirebaseMessagingInitProvider")
            A: http://schemas.android.com/apk/res/android:exported(0x01010010)=false
            A: http://schemas.android.com/apk/res/android:authorities(0x01010018)="com.personalstaffer.personal_staffer.flutterfirebasemessaginginitprovider" (Raw: "com.personalstaffer.personal_staffer.flutterfirebasemessaginginitprovider")
            A: http://schemas.android.com/apk/res/android:initOrder(0x0101001a)=99
          E: activity (line=159)
            A: http://schemas.android.com/apk/res/android:theme(0x01010000)=@0x01030007
            A: http://schemas.android.com/apk/res/android:name(0x01010003)="io.flutter.plugins.urllauncher.WebViewActivity" (Raw: "io.flutter.plugins.urllauncher.WebViewActivity")
            A: http://schemas.android.com/apk/res/android:exported(0x01010010)=false
          E: uses-library (line=164)
            A: http://schemas.android.com/apk/res/android:name(0x01010003)="androidx.window.extensions" (Raw: "androidx.window.extensions")
            A: http://schemas.android.com/apk/res/android:required(0x0101028e)=false
          E: uses-library (line=167)
            A: http://schemas.android.com/apk/res/android:name(0x01010003)="androidx.window.sidecar" (Raw: "androidx.window.sidecar")
            A: http://schemas.android.com/apk/res/android:required(0x0101028e)=false
          E: receiver (line=171)
            A: http://schemas.android.com/apk/res/android:name(0x01010003)="com.google.firebase.iid.FirebaseInstanceIdReceiver" (Raw: "com.google.firebase.iid.FirebaseInstanceIdReceiver")
            A: http://schemas.android.com/apk/res/android:permission(0x01010006)="com.google.android.c2dm.permission.SEND" (Raw: "com.google.android.c2dm.permission.SEND")
            A: http://schemas.android.com/apk/res/android:exported(0x01010010)=true
              E: intent-filter (line=175)
                  E: action (line=176)
                    A: http://schemas.android.com/apk/res/android:name(0x01010003)="com.google.android.c2dm.intent.RECEIVE" (Raw: "com.google.android.c2dm.intent.RECEIVE")
              E: meta-data (line=179)
                A: http://schemas.android.com/apk/res/android:name(0x01010003)="com.google.android.gms.cloudmessaging.FINISHED_AFTER_HANDLED" (Raw: "com.google.android.gms.cloudmessaging.FINISHED_AFTER_HANDLED")
                A: http://schemas.android.com/apk/res/android:value(0x01010024)=true
          E: service (line=187)
            A: http://schemas.android.com/apk/res/android:name(0x01010003)="com.google.firebase.messaging.FirebaseMessagingService" (Raw: "com.google.firebase.messaging.FirebaseMessagingService")
            A: http://schemas.android.com/apk/res/android:exported(0x01010010)=false
            A: http://schemas.android.com/apk/res/android:directBootAware(0x01010505)=true
              E: intent-filter (line=191)
                A: http://schemas.android.com/apk/res/android:priority(0x0101001c)=-500
                  E: action (line=192)
                    A: http://schemas.android.com/apk/res/android:name(0x01010003)="com.google.firebase.MESSAGING_EVENT" (Raw: "com.google.firebase.MESSAGING_EVENT")
          E: provider (line=196)
            A: http://schemas.android.com/apk/res/android:name(0x01010003)="com.google.firebase.provider.FirebaseInitProvider" (Raw: "com.google.firebase.provider.FirebaseInitProvider")
            A: http://schemas.android.com/apk/res/android:exported(0x01010010)=false
            A: http://schemas.android.com/apk/res/android:authorities(0x01010018)="com.personalstaffer.personal_staffer.firebaseinitprovider" (Raw: "com.personalstaffer.personal_staffer.firebaseinitprovider")
            A: http://schemas.android.com/apk/res/android:initOrder(0x0101001a)=100
            A: http://schemas.android.com/apk/res/android:directBootAware(0x01010505)=true
          E: provider (line=202)
            A: http://schemas.android.com/apk/res/android:name(0x01010003)="androidx.startup.InitializationProvider" (Raw: "androidx.startup.InitializationProvider")
            A: http://schemas.android.com/apk/res/android:exported(0x01010010)=false
            A: http://schemas.android.com/apk/res/android:authorities(0x01010018)="com.personalstaffer.personal_staffer.androidx-startup" (Raw: "com.personalstaffer.personal_staffer.androidx-startup")
              E: meta-data (line=206)
                A: http://schemas.android.com/apk/res/android:name(0x01010003)="androidx.lifecycle.ProcessLifecycleInitializer" (Raw: "androidx.lifecycle.ProcessLifecycleInitializer")
                A: http://schemas.android.com/apk/res/android:value(0x01010024)="androidx.startup" (Raw: "androidx.startup")
              E: meta-data (line=209)
                A: http://schemas.android.com/apk/res/android:name(0x01010003)="androidx.profileinstaller.ProfileInstallerInitializer" (Raw: "androidx.profileinstaller.ProfileInstallerInitializer")
                A: http://schemas.android.com/apk/res/android:value(0x01010024)="androidx.startup" (Raw: "androidx.startup")
          E: activity (line=214)
            A: http://schemas.android.com/apk/res/android:theme(0x01010000)=@0x01030010
            A: http://schemas.android.com/apk/res/android:name(0x01010003)="com.google.android.gms.common.api.GoogleApiActivity" (Raw: "com.google.android.gms.common.api.GoogleApiActivity")
            A: http://schemas.android.com/apk/res/android:exported(0x01010010)=false
          E: meta-data (line=219)
            A: http://schemas.android.com/apk/res/android:name(0x01010003)="com.google.android.gms.version" (Raw: "com.google.android.gms.version")
            A: http://schemas.android.com/apk/res/android:value(0x01010024)=@0x7f080001
          E: receiver (line=223)
            A: http://schemas.android.com/apk/res/android:name(0x01010003)="androidx.profileinstaller.ProfileInstallReceiver" (Raw: "androidx.profileinstaller.ProfileInstallReceiver")
            A: http://schemas.android.com/apk/res/android:permission(0x01010006)="android.permission.DUMP" (Raw: "android.permission.DUMP")
            A: http://schemas.android.com/apk/res/android:enabled(0x0101000e)=true
            A: http://schemas.android.com/apk/res/android:exported(0x01010010)=true
            A: http://schemas.android.com/apk/res/android:directBootAware(0x01010505)=false
              E: intent-filter (line=229)
                  E: action (line=230)
                    A: http://schemas.android.com/apk/res/android:name(0x01010003)="androidx.profileinstaller.action.INSTALL_PROFILE" (Raw: "androidx.profileinstaller.action.INSTALL_PROFILE")
              E: intent-filter (line=232)
                  E: action (line=233)
                    A: http://schemas.android.com/apk/res/android:name(0x01010003)="androidx.profileinstaller.action.SKIP_FILE" (Raw: "androidx.profileinstaller.action.SKIP_FILE")
              E: intent-filter (line=235)
                  E: action (line=236)
                    A: http://schemas.android.com/apk/res/android:name(0x01010003)="androidx.profileinstaller.action.SAVE_PROFILE" (Raw: "androidx.profileinstaller.action.SAVE_PROFILE")
              E: intent-filter (line=238)
                  E: action (line=239)
                    A: http://schemas.android.com/apk/res/android:name(0x01010003)="androidx.profileinstaller.action.BENCHMARK_OPERATION" (Raw: "androidx.profileinstaller.action.BENCHMARK_OPERATION")
          E: service (line=243)
            A: http://schemas.android.com/apk/res/android:name(0x01010003)="com.google.android.datatransport.runtime.backends.TransportBackendDiscovery" (Raw: "com.google.android.datatransport.runtime.backends.TransportBackendDiscovery")
            A: http://schemas.android.com/apk/res/android:exported(0x01010010)=false
              E: meta-data (line=246)
                A: http://schemas.android.com/apk/res/android:name(0x01010003)="backend:com.google.android.datatransport.cct.CctBackendFactory" (Raw: "backend:com.google.android.datatransport.cct.CctBackendFactory")
                A: http://schemas.android.com/apk/res/android:value(0x01010024)="cct" (Raw: "cct")
          E: service (line=250)
            A: http://schemas.android.com/apk/res/android:name(0x01010003)="com.google.android.datatransport.runtime.scheduling.jobscheduling.JobInfoSchedulerService" (Raw: "com.google.android.datatransport.runtime.scheduling.jobscheduling.JobInfoSchedulerService")
            A: http://schemas.android.com/apk/res/android:permission(0x01010006)="android.permission.BIND_JOB_SERVICE" (Raw: "android.permission.BIND_JOB_SERVICE")
            A: http://schemas.android.com/apk/res/android:exported(0x01010010)=false
          E: receiver (line=256)
            A: http://schemas.android.com/apk/res/android:name(0x01010003)="com.google.android.datatransport.runtime.scheduling.jobscheduling.AlarmManagerSchedulerBroadcastReceiver" (Raw: "com.google.android.datatransport.runtime.scheduling.jobscheduling.AlarmManagerSchedulerBroadcastReceiver")
            A: http://schemas.android.com/apk/res/android:exported(0x01010010)=false
