============================= test session starts ==============================
platform linux -- Python 3.12.14, pytest-9.1.1, pluggy-1.6.0
rootdir: /app
configfile: pyproject.toml
testpaths: tests
plugins: anyio-4.15.1, asyncio-1.4.0, respx-0.23.1
asyncio: mode=Mode.AUTO, debug=False, asyncio_default_fixture_loop_scope=None, asyncio_default_test_loop_scope=function
collected 458 items

tests/test_api_contracts.py ...........                                  [  2%]
tests/test_auth_email_people_postgres.py .........                       [  4%]
tests/test_auth_provider.py .........                                    [  6%]
tests/test_cli_provenance.py ........                                    [  8%]
tests/test_config.py .........                                           [ 10%]
tests/test_connectors.py ............................................... [ 20%]
....                                                                     [ 21%]
tests/test_connectors_safe_http.py .......................               [ 26%]
tests/test_database_core.py ........                                     [ 27%]
tests/test_database_corrections.py ....                                  [ 28%]
tests/test_database_notifications.py ......                              [ 30%]
tests/test_demo_database.py ...                                          [ 30%]
tests/test_eligibility_corpus.py ....................................... [ 39%]
........................                                                 [ 44%]
tests/test_eligibility_imports.py ...                                    [ 45%]
tests/test_eligibility_rules.py ........................................ [ 53%]
......................                                                   [ 58%]
tests/test_email_gmail_api.py ...                                        [ 59%]
tests/test_email_hostile_content.py .............................        [ 65%]
tests/test_email_orchestration.py ..                                     [ 66%]
tests/test_email_orchestration_database.py ..                            [ 66%]
tests/test_email_parser.py ..............                                [ 69%]
tests/test_email_security_database.py ...                                [ 70%]
tests/test_fcm_contracts.py ......                                       [ 71%]
tests/test_http_contract.py .....                                        [ 72%]
tests/test_notification_destinations.py ...........                      [ 75%]
tests/test_oauth_proxy_callback.py ..                                    [ 75%]
tests/test_people_discovery.py ...........                               [ 77%]
tests/test_pipeline_mapping.py ........                                  [ 79%]
tests/test_readiness.py .....                                            [ 80%]
tests/test_reports_database.py ........                                  [ 82%]
tests/test_reports_selection.py ...........                              [ 84%]
tests/test_security_review.py .......................                    [ 89%]
tests/test_source_orchestration.py ...........                           [ 92%]
tests/test_source_orchestration_database.py ...                          [ 93%]
tests/test_sync_contracts.py ..........                                  [ 95%]
tests/test_worker_contracts.py ................                          [ 98%]
tests/test_workers_database.py ......                                    [100%]

=============================== warnings summary ===============================
.venv/lib/python3.12/site-packages/fastapi/testclient.py:1
  /app/.venv/lib/python3.12/site-packages/fastapi/testclient.py:1: StarletteDeprecationWarning: Using `httpx` with `starlette.testclient` is deprecated; install `httpx2` instead.
    from starlette.testclient import TestClient as TestClient  # noqa

.venv/lib/python3.12/site-packages/starlette/testclient.py:53
  /app/.venv/lib/python3.12/site-packages/starlette/testclient.py:53: DeprecationWarning: The anyio.abc.BlockingPortal alias is deprecated, use anyio.from_thread.BlockingPortal instead.
    _PortalFactoryType = Callable[[], AbstractContextManager[anyio.abc.BlockingPortal]]

.venv/lib/python3.12/site-packages/authlib/integrations/httpx_client/assertion_client.py:5
  /app/.venv/lib/python3.12/site-packages/authlib/integrations/httpx_client/assertion_client.py:5: AuthlibDeprecationWarning: The httpx module is deprecated; please use httpx2 instead.
    from ._compat import httpx2

tests/test_demo_database.py::test_demo_http_workflow_and_repeated_smoke_are_durable
tests/test_reports_database.py::test_report_concurrency_caps_membership_and_idempotent_outbox
tests/test_reports_database.py::test_priority_overlap_bypasses_quota_and_regular_company_cycle
tests/test_reports_database.py::test_new_profile_and_current_closure_block_old_eligible_decision
tests/test_reports_database.py::test_group_requisitions_remain_distinct_and_source_retry_reuses_snapshot_identity
tests/test_reports_database.py::test_known_cross_source_destination_stays_suppressed_even_after_new_cycle
tests/test_reports_database.py::test_last_publication_uses_actual_local_checks_and_quarantines_similarity
tests/test_reports_database.py::test_salary_selection_prefers_high_then_newest_display
tests/test_reports_database.py::test_finalized_report_membership_and_partial_failure_are_real
  /app/.venv/lib/python3.12/site-packages/pydantic/main.py:475: UserWarning: Pydantic serializer warnings:
    PydanticSerializationUnexpectedValue(Expected `enum` - serialized value may not be as expected [field_name='decision', input_value='ELIGIBLE', input_type=str])
    return self.__pydantic_serializer__.to_python(

tests/test_reports_database.py: 8 warnings
tests/test_source_orchestration_database.py: 3 warnings
  /app/.venv/lib/python3.12/site-packages/pydantic/main.py:475: UserWarning: Pydantic serializer warnings:
    PydanticSerializationUnexpectedValue(Expected `enum` - serialized value may not be as expected [field_name='decision', input_value='NEEDS_REVIEW', input_type=str])
    return self.__pydantic_serializer__.to_python(

tests/test_reports_database.py::test_new_profile_and_current_closure_block_old_eligible_decision
tests/test_reports_database.py::test_known_cross_source_destination_stays_suppressed_even_after_new_cycle
  /app/.venv/lib/python3.12/site-packages/pydantic/main.py:475: UserWarning: Pydantic serializer warnings:
    PydanticSerializationUnexpectedValue(Expected `enum` - serialized value may not be as expected [field_name='decision', input_value='INELIGIBLE', input_type=str])
    return self.__pydantic_serializer__.to_python(

-- Docs: https://docs.pytest.org/en/stable/how-to/capture-warnings.html
---------------------- generated xml file: /tmp/loop1.xml ----------------------
====================== 458 passed, 25 warnings in 26.34s =======================
